COMMANDS FROM UBUNTU KERNEL

Welcome to Ubuntu 20.04.3 LTS (GNU/Linux 5.10.16.3-microsoft-standard-WSL2 x86_64)

 * Documentation:  https://help.ubuntu.com
 * Management:     https://landscape.canonical.com
 * Support:        https://ubuntu.com/advantage

  System information as of Thu Jan 20 11:01:19 IST 2022

  System load:  0.08               Processes:             8
  Usage of /:   0.7% of 250.98GB   Users logged in:       0
  Memory usage: 2%                 IPv4 address for eth0: 172.28.196.174
  Swap usage:   0%

102 updates can be applied immediately.
40 of these updates are standard security updates.
To see these additional updates run: apt list --upgradable


The list of available updates is more than a week old.
To check for new updates run: sudo apt update


This message is shown once a day. To disable it please create the
/home/ubuntu20/.hushlogin file.
ubuntu20@Laptop:~$
ubuntu20@Laptop:~$
ubuntu20@Laptop:~$
ubuntu20@Laptop:~$
ubuntu20@Laptop:~$ pwd
/home/ubuntu20
ubuntu20@Laptop:~$ ls
AC     OuterFolder          Zing           get-pip.py       multicontent.txt  new           t11.txt
File1  ShellScriptPrograms  ansibleSample  linux_tweet_app  mycmnds.sh        outputLS.txt  tp
ubuntu20@Laptop:~$ cd AC
ubuntu20@Laptop:~/AC$ cd
ubuntu20@Laptop:~$ cd /
ubuntu20@Laptop:/$ pwd
/
ubuntu20@Laptop:/$ cd
ubuntu20@Laptop:~$ pwd
/home/ubuntu20
ubuntu20@Laptop:~$ cd AC
ubuntu20@Laptop:~/AC$ ls
AbcImpex  Hashmum  args.sh  argsStr.sh  ifelse.sh  input.sh
ubuntu20@Laptop:~/AC$ cd AbcImpex
ubuntu20@Laptop:~/AC/AbcImpex$ ls
ab.txt
ubuntu20@Laptop:~/AC/AbcImpex$ pwd
/home/ubuntu20/AC/AbcImpex
ubuntu20@Laptop:~/AC/AbcImpex$ cd
ubuntu20@Laptop:~$ cd AC/AbcImpex
ubuntu20@Laptop:~/AC/AbcImpex$ pwd
/home/ubuntu20/AC/AbcImpex
ubuntu20@Laptop:~/AC/AbcImpex$ cd
ubuntu20@Laptop:~$ mkdir -p outer/innerfolder
ubuntu20@Laptop:~$ cd outer/innerfolder
ubuntu20@Laptop:~/outer/innerfolder$ ls
ubuntu20@Laptop:~/outer/innerfolder$ cd
ubuntu20@Laptop:~$ cl

Command 'cl' not found, but can be installed with:

sudo apt install cl-launch

ubuntu20@Laptop:~$ ls
AC     OuterFolder          Zing           get-pip.py       multicontent.txt  new    outputLS.txt  tp
File1  ShellScriptPrograms  ansibleSample  linux_tweet_app  mycmnds.sh        outer  t11.txt
ubuntu20@Laptop:~$ cd outer
ubuntu20@Laptop:~/outer$ ls
innerfolder
ubuntu20@Laptop:~/outer$ cd innerfolder
ubuntu20@Laptop:~/outer/innerfolder$ ls
ubuntu20@Laptop:~/outer/innerfolder$ pwd
/home/ubuntu20/outer/innerfolder
ubuntu20@Laptop:~/outer/innerfolder$ cd
ubuntu20@Laptop:~$ cd outer/innerfolder
ubuntu20@Laptop:~/outer/innerfolder$ cd ../..
ubuntu20@Laptop:~$ cd outer/innerfolder
ubuntu20@Laptop:~/outer/innerfolder$ echo "File Created using echo" > new.txt
ubuntu20@Laptop:~/outer/innerfolder$ cat new.txt
File Created using echo
ubuntu20@Laptop:~/outer/innerfolder$ echo "Contents added and appended to file" >> new.txt
ubuntu20@Laptop:~/outer/innerfolder$ cat new.txt
File Created using echo
Contents added and appended to file
ubuntu20@Laptop:~/outer/innerfolder$ echo "New contents added" > new.txt
ubuntu20@Laptop:~/outer/innerfolder$ cat new.txt
New contents added
ubuntu20@Laptop:~/outer/innerfolder$ echo " New Contents added and appended to file" >> new.txt
ubuntu20@Laptop:~/outer/innerfolder$ cat new.txt
New contents added
 New Contents added and appended to file
ubuntu20@Laptop:~/outer/innerfolder$ cd
ubuntu20@Laptop:~$ cat new*
cat: new: Is a directory
ubuntu20@Laptop:~$ cd outer/innerfolder
ubuntu20@Laptop:~/outer/innerfolder$ cat new*
New contents added
 New Contents added and appended to file
ubuntu20@Laptop:~/outer/innerfolder$ cat n*
New contents added
 New Contents added and appended to file
ubuntu20@Laptop:~/outer/innerfolder$ echo " New File " > new2.txt
ubuntu20@Laptop:~/outer/innerfolder$ cat n* > n2.txt
ubuntu20@Laptop:~/outer/innerfolder$ cat n2.txt
New contents added
 New Contents added and appended to file
 New File
ubuntu20@Laptop:~/outer/innerfolder$ cat new.txt
New contents added
 New Contents added and appended to file
ubuntu20@Laptop:~/outer/innerfolder$ cat new2.txt
 New File
ubuntu20@Laptop:~/outer/innerfolder$ echo "Appending to combined file" >> n2.txt
ubuntu20@Laptop:~/outer/innerfolder$ cat n2.txt
New contents added
 New Contents added and appended to file
 New File
Appending to combined file
ubuntu20@Laptop:~/outer/innerfolder$ cat * >> n2.txt
cat: n2.txt: input file is output file
ubuntu20@Laptop:~/outer/innerfolder$ cat new* >> n2.txt
ubuntu20@Laptop:~/outer/innerfolder$ cat n2.txt
New contents added
 New Contents added and appended to file
 New File
Appending to combined file
New contents added
 New Contents added and appended to file
 New File
New contents added
 New Contents added and appended to file
 New File
ubuntu20@Laptop:~/outer/innerfolder$
ubuntu20@Laptop:~/outer/innerfolder$ cp n2.txt file.txt
ubuntu20@Laptop:~/outer/innerfolder$ ls
file.txt  n2.txt  new.txt  new2.txt
ubuntu20@Laptop:~/outer/innerfolder$ cat file.txt
New contents added
 New Contents added and appended to file
 New File
Appending to combined file
New contents added
 New Contents added and appended to file
 New File
New contents added
 New Contents added and appended to file
 New File
ubuntu20@Laptop:~/outer/innerfolder$ pwd
/home/ubuntu20/outer/innerfolder
ubuntu20@Laptop:~/outer/innerfolder$ cp n2.txt /home/ubuntu20/outer/
ubuntu20@Laptop:~/outer/innerfolder$ ls
file.txt  n2.txt  new.txt  new2.txt
ubuntu20@Laptop:~/outer/innerfolder$ cd ..
ubuntu20@Laptop:~/outer$ ls
innerfolder  n2.txt
ubuntu20@Laptop:~/outer$ cat n2.txt
New contents added
 New Contents added and appended to file
 New File
Appending to combined file
New contents added
 New Contents added and appended to file
 New File
New contents added
 New Contents added and appended to file
 New File
ubuntu20@Laptop:~/outer$ mv n2.txt newfile.txt
ubuntu20@Laptop:~/outer$ ls
innerfolder  newfile.txt
ubuntu20@Laptop:~/outer$ cat newfile.txt
New contents added
 New Contents added and appended to file
 New File
Appending to combined file
New contents added
 New Contents added and appended to file
 New File
New contents added
 New Contents added and appended to file
 New File
ubuntu20@Laptop:~/outer$ who
ubuntu20@Laptop:~/outer$ w
 11:50:20 up 49 min,  0 users,  load average: 0.00, 0.00, 0.00
USER     TTY      FROM             LOGIN@   IDLE   JCPU   PCPU WHAT
ubuntu20@Laptop:~/outer$ whoami
ubuntu20
ubuntu20@Laptop:~/outer$ id
uid=1000(ubuntu20) gid=1000(ubuntu20) groups=1000(ubuntu20),4(adm),20(dialout),24(cdrom),25(floppy),27(sudo),29(audio),30(dip),44(video),46(plugdev),117(netdev),1003(docker)
ubuntu20@Laptop:~/outer$
ubuntu20@Laptop:~/outer$ passwd
Changing password for ubuntu20.
Current password:
New password:
Retype new password:
passwd: password updated successfully
ubuntu20@Laptop:~/outer$ passwd
Changing password for ubuntu20.
Current password:
New password:
Retype new password:
passwd: password updated successfully
ubuntu20@Laptop:~/outer$
ubuntu20@Laptop:~/outer$ man
What manual page do you want?
For example, try 'man man'.
ubuntu20@Laptop:~/outer$ man man
ubuntu20@Laptop:~/outer$ man ls
ubuntu20@Laptop:~/outer$ man cd
No manual entry for cd
ubuntu20@Laptop:~/outer$ man echo
ubuntu20@Laptop:~/outer$
ubuntu20@Laptop:~/outer$ /etc/passwd
-bash: /etc/passwd: Permission denied
ubuntu20@Laptop:~/outer$ cd
ubuntu20@Laptop:~$ /etc/passwd
-bash: /etc/passwd: Permission denied
ubuntu20@Laptop:~$ cat /etc/passwd
root:x:0:0:root:/root:/bin/bash
daemon:x:1:1:daemon:/usr/sbin:/usr/sbin/nologin
bin:x:2:2:bin:/bin:/usr/sbin/nologin
sys:x:3:3:sys:/dev:/usr/sbin/nologin
sync:x:4:65534:sync:/bin:/bin/sync
games:x:5:60:games:/usr/games:/usr/sbin/nologin
man:x:6:12:man:/var/cache/man:/usr/sbin/nologin
lp:x:7:7:lp:/var/spool/lpd:/usr/sbin/nologin
mail:x:8:8:mail:/var/mail:/usr/sbin/nologin
news:x:9:9:news:/var/spool/news:/usr/sbin/nologin
uucp:x:10:10:uucp:/var/spool/uucp:/usr/sbin/nologin
proxy:x:13:13:proxy:/bin:/usr/sbin/nologin
www-data:x:33:33:www-data:/var/www:/usr/sbin/nologin
backup:x:34:34:backup:/var/backups:/usr/sbin/nologin
list:x:38:38:Mailing List Manager:/var/list:/usr/sbin/nologin
irc:x:39:39:ircd:/var/run/ircd:/usr/sbin/nologin
gnats:x:41:41:Gnats Bug-Reporting System (admin):/var/lib/gnats:/usr/sbin/nologin
nobody:x:65534:65534:nobody:/nonexistent:/usr/sbin/nologin
systemd-network:x:100:102:systemd Network Management,,,:/run/systemd:/usr/sbin/nologin
systemd-resolve:x:101:103:systemd Resolver,,,:/run/systemd:/usr/sbin/nologin
systemd-timesync:x:102:104:systemd Time Synchronization,,,:/run/systemd:/usr/sbin/nologin
messagebus:x:103:106::/nonexistent:/usr/sbin/nologin
syslog:x:104:110::/home/syslog:/usr/sbin/nologin
_apt:x:105:65534::/nonexistent:/usr/sbin/nologin
tss:x:106:111:TPM software stack,,,:/var/lib/tpm:/bin/false
uuidd:x:107:112::/run/uuidd:/usr/sbin/nologin
tcpdump:x:108:113::/nonexistent:/usr/sbin/nologin
sshd:x:109:65534::/run/sshd:/usr/sbin/nologin
landscape:x:110:115::/var/lib/landscape:/usr/sbin/nologin
pollinate:x:111:1::/var/cache/pollinate:/bin/false
ubuntu20:x:1000:1000:,,,:/home/ubuntu20:/bin/bash
newusr:x:1001:1001::/home/newusr:/bin/sh
mbr1:x:1002:1004::HOME_DIR:/bin/sh
mbr2:x:1003:1005::HOME_DIR:/bin/sh
mbr3:x:1004:1006::HOME_DIR:/bin/sh
mbr4:x:1005:1007::HOME_DIR:/bin/sh
m1:x:1006:1008::/home/m1:/bin/sh
m2:x:1007:1009::/home/m2:/bin/sh
m3:x:1008:1010::/home/m3:/bin/sh
aaa:x:1009:1011::/home/aaa:/bin/sh
mb1:x:1010:1013:member1,123,123,123,123:/home/mb1:/bin/bash
mb2:x:1011:1014:member2,123,123,123,123:/home/mb2:/bin/bash
mb3:x:1012:1015:member3,123,123,123,123:/home/mb3:/bin/bash
mb4:x:1013:1016:member4,123,123,123,123:/home/mb4:/bin/bash
timjag:x:1014:1017:,,,:/home/timjag:/bin/bash
abhi:x:1015:1018:ABHI,,,:/home/abhi:/bin/bash
zing1:x:1016:1020:,,,:/home/zing1:/bin/bash
zing2:x:1017:1021:,,,:/home/zing2:/bin/bash
user1:x:1018:1022:,,,:/home/user1:/bin/bash
user2:x:1019:1023:,,,:/home/user2:/bin/bash
sample:x:1020:1024:,,,:/home/sample:/bin/bash
ubuntu20@Laptop:~$
ubuntu20@Laptop:~$ sudo adduser newuser1
[sudo] password for ubuntu20:
Adding user `newuser1' ...
Adding new group `newuser1' (1026) ...
Adding new user `newuser1' (1021) with group `newuser1' ...
Creating home directory `/home/newuser1' ...
Copying files from `/etc/skel' ...
New password:
Retype new password:
passwd: password updated successfully
Changing the user information for newuser1
Enter the new value, or press ENTER for the default
        Full Name []:
        Room Number []:
        Work Phone []:
        Home Phone []:
        Other []:
Is the information correct? [Y/n]
ubuntu20@Laptop:~$
ubuntu20@Laptop:~$ cat /etc/passwd
root:x:0:0:root:/root:/bin/bash
daemon:x:1:1:daemon:/usr/sbin:/usr/sbin/nologin
bin:x:2:2:bin:/bin:/usr/sbin/nologin
sys:x:3:3:sys:/dev:/usr/sbin/nologin
sync:x:4:65534:sync:/bin:/bin/sync
games:x:5:60:games:/usr/games:/usr/sbin/nologin
man:x:6:12:man:/var/cache/man:/usr/sbin/nologin
lp:x:7:7:lp:/var/spool/lpd:/usr/sbin/nologin
mail:x:8:8:mail:/var/mail:/usr/sbin/nologin
news:x:9:9:news:/var/spool/news:/usr/sbin/nologin
uucp:x:10:10:uucp:/var/spool/uucp:/usr/sbin/nologin
proxy:x:13:13:proxy:/bin:/usr/sbin/nologin
www-data:x:33:33:www-data:/var/www:/usr/sbin/nologin
backup:x:34:34:backup:/var/backups:/usr/sbin/nologin
list:x:38:38:Mailing List Manager:/var/list:/usr/sbin/nologin
irc:x:39:39:ircd:/var/run/ircd:/usr/sbin/nologin
gnats:x:41:41:Gnats Bug-Reporting System (admin):/var/lib/gnats:/usr/sbin/nologin
nobody:x:65534:65534:nobody:/nonexistent:/usr/sbin/nologin
systemd-network:x:100:102:systemd Network Management,,,:/run/systemd:/usr/sbin/nologin
systemd-resolve:x:101:103:systemd Resolver,,,:/run/systemd:/usr/sbin/nologin
systemd-timesync:x:102:104:systemd Time Synchronization,,,:/run/systemd:/usr/sbin/nologin
messagebus:x:103:106::/nonexistent:/usr/sbin/nologin
syslog:x:104:110::/home/syslog:/usr/sbin/nologin
_apt:x:105:65534::/nonexistent:/usr/sbin/nologin
tss:x:106:111:TPM software stack,,,:/var/lib/tpm:/bin/false
uuidd:x:107:112::/run/uuidd:/usr/sbin/nologin
tcpdump:x:108:113::/nonexistent:/usr/sbin/nologin
sshd:x:109:65534::/run/sshd:/usr/sbin/nologin
landscape:x:110:115::/var/lib/landscape:/usr/sbin/nologin
pollinate:x:111:1::/var/cache/pollinate:/bin/false
ubuntu20:x:1000:1000:,,,:/home/ubuntu20:/bin/bash
newusr:x:1001:1001::/home/newusr:/bin/sh
mbr1:x:1002:1004::HOME_DIR:/bin/sh
mbr2:x:1003:1005::HOME_DIR:/bin/sh
mbr3:x:1004:1006::HOME_DIR:/bin/sh
mbr4:x:1005:1007::HOME_DIR:/bin/sh
m1:x:1006:1008::/home/m1:/bin/sh
m2:x:1007:1009::/home/m2:/bin/sh
m3:x:1008:1010::/home/m3:/bin/sh
aaa:x:1009:1011::/home/aaa:/bin/sh
mb1:x:1010:1013:member1,123,123,123,123:/home/mb1:/bin/bash
mb2:x:1011:1014:member2,123,123,123,123:/home/mb2:/bin/bash
mb3:x:1012:1015:member3,123,123,123,123:/home/mb3:/bin/bash
mb4:x:1013:1016:member4,123,123,123,123:/home/mb4:/bin/bash
timjag:x:1014:1017:,,,:/home/timjag:/bin/bash
abhi:x:1015:1018:ABHI,,,:/home/abhi:/bin/bash
zing1:x:1016:1020:,,,:/home/zing1:/bin/bash
zing2:x:1017:1021:,,,:/home/zing2:/bin/bash
user1:x:1018:1022:,,,:/home/user1:/bin/bash
user2:x:1019:1023:,,,:/home/user2:/bin/bash
sample:x:1020:1024:,,,:/home/sample:/bin/bash
newuser1:x:1021:1026:,,,:/home/newuser1:/bin/bash
ubuntu20@Laptop:~$ su newuser1
Password:
newuser1@Laptop:/home/ubuntu20$ pwd
/home/ubuntu20
newuser1@Laptop:/home/ubuntu20$ cd
newuser1@Laptop:~$ pwd
/home/newuser1
newuser1@Laptop:~$ cd ..
newuser1@Laptop:/home$ ls
abhi  mb1  mb2  mb3  mb4  newuser1  sample  timjag  ubuntu20  user1  user2  zing1  zing2
newuser1@Laptop:/home$ cd ..
newuser1@Laptop:/$ ls
bin  boot  dev  etc  home  init  lib  lib32  lib64  libx32  lost+found  media  mnt  opt  proc  root  run  sbin  snap  srv  sys  tmp  usr  var
newuser1@Laptop:/$ cd usr
newuser1@Laptop:/usr$ ls
bin  config  games  include  lib  lib32  lib64  libexec  libx32  local  sbin  share  src
newuser1@Laptop:/usr$ cd
newuser1@Laptop:~$ pwd
/home/newuser1
newuser1@Laptop:~$ cat /etc/group
root:x:0:
daemon:x:1:
bin:x:2:
sys:x:3:
adm:x:4:syslog,ubuntu20
tty:x:5:syslog
disk:x:6:
lp:x:7:
mail:x:8:
news:x:9:
uucp:x:10:
man:x:12:
proxy:x:13:
kmem:x:15:
dialout:x:20:ubuntu20
fax:x:21:
voice:x:22:
cdrom:x:24:ubuntu20
floppy:x:25:ubuntu20
tape:x:26:
sudo:x:27:ubuntu20,abhi
audio:x:29:ubuntu20
dip:x:30:ubuntu20
www-data:x:33:
backup:x:34:
operator:x:37:
list:x:38:
irc:x:39:
src:x:40:
gnats:x:41:
shadow:x:42:
utmp:x:43:
video:x:44:ubuntu20
sasl:x:45:
plugdev:x:46:ubuntu20
staff:x:50:
games:x:60:
users:x:100:
nogroup:x:65534:
systemd-journal:x:101:
systemd-network:x:102:
systemd-resolve:x:103:
systemd-timesync:x:104:
crontab:x:105:
messagebus:x:106:
input:x:107:
kvm:x:108:
render:x:109:
syslog:x:110:
tss:x:111:
uuidd:x:112:
tcpdump:x:113:
ssh:x:114:
landscape:x:115:
admin:x:116:
netdev:x:117:ubuntu20
lxd:x:118:
ubuntu20:x:1000:
newusr:x:1001:
nwgrp:x:1002:
docker:x:1003:ubuntu20
mbr1:x:1004:
mbr2:x:1005:
mbr3:x:1006:
mbr4:x:1007:
m1:x:1008:
m2:x:1009:
m3:x:1010:
aaa:x:1011:
abc:x:1012:
mb1:x:1013:
mb2:x:1014:
mb3:x:1015:
mb4:x:1016:
timjag:x:1017:
abhi:x:1018:
devops:x:1019:
zing1:x:1020:
zing2:x:1021:
user1:x:1022:
user2:x:1023:
sample:x:1024:
demo:x:1025:
newuser1:x:1026:
newuser1@Laptop:~$ groupadd newusrgrp
groupadd: Permission denied.
groupadd: cannot lock /etc/group; try again later.
newuser1@Laptop:~$ su ubuntu20
Password:
ubuntu20@Laptop:/home/newuser1$ pwd
/home/newuser1
ubuntu20@Laptop:/home/newuser1$
ubuntu20@Laptop:/home/newuser1$ cd
ubuntu20@Laptop:~$ groupadd newusrgrp
groupadd: Permission denied.
groupadd: cannot lock /etc/group; try again later.
ubuntu20@Laptop:~$ sudo groupadd newusrgrp
ubuntu20@Laptop:~$ cat /etc/group
root:x:0:
daemon:x:1:
bin:x:2:
sys:x:3:
adm:x:4:syslog,ubuntu20
tty:x:5:syslog
disk:x:6:
lp:x:7:
mail:x:8:
news:x:9:
uucp:x:10:
man:x:12:
proxy:x:13:
kmem:x:15:
dialout:x:20:ubuntu20
fax:x:21:
voice:x:22:
cdrom:x:24:ubuntu20
floppy:x:25:ubuntu20
tape:x:26:
sudo:x:27:ubuntu20,abhi
audio:x:29:ubuntu20
dip:x:30:ubuntu20
www-data:x:33:
backup:x:34:
operator:x:37:
list:x:38:
irc:x:39:
src:x:40:
gnats:x:41:
shadow:x:42:
utmp:x:43:
video:x:44:ubuntu20
sasl:x:45:
plugdev:x:46:ubuntu20
staff:x:50:
games:x:60:
users:x:100:
nogroup:x:65534:
systemd-journal:x:101:
systemd-network:x:102:
systemd-resolve:x:103:
systemd-timesync:x:104:
crontab:x:105:
messagebus:x:106:
input:x:107:
kvm:x:108:
render:x:109:
syslog:x:110:
tss:x:111:
uuidd:x:112:
tcpdump:x:113:
ssh:x:114:
landscape:x:115:
admin:x:116:
netdev:x:117:ubuntu20
lxd:x:118:
ubuntu20:x:1000:
newusr:x:1001:
nwgrp:x:1002:
docker:x:1003:ubuntu20
mbr1:x:1004:
mbr2:x:1005:
mbr3:x:1006:
mbr4:x:1007:
m1:x:1008:
m2:x:1009:
m3:x:1010:
aaa:x:1011:
abc:x:1012:
mb1:x:1013:
mb2:x:1014:
mb3:x:1015:
mb4:x:1016:
timjag:x:1017:
abhi:x:1018:
devops:x:1019:
zing1:x:1020:
zing2:x:1021:
user1:x:1022:
user2:x:1023:
sample:x:1024:
demo:x:1025:
newuser1:x:1026:
newusrgrp:x:1027:
ubuntu20@Laptop:~$ usermod
Usage: usermod [options] LOGIN

Options:
  -b, --badnames                allow bad names
  -c, --comment COMMENT         new value of the GECOS field
  -d, --home HOME_DIR           new home directory for the user account
  -e, --expiredate EXPIRE_DATE  set account expiration date to EXPIRE_DATE
  -f, --inactive INACTIVE       set password inactive after expiration
                                to INACTIVE
  -g, --gid GROUP               force use GROUP as new primary group
  -G, --groups GROUPS           new list of supplementary GROUPS
  -a, --append                  append the user to the supplemental GROUPS
                                mentioned by the -G option without removing
                                the user from other groups
  -h, --help                    display this help message and exit
  -l, --login NEW_LOGIN         new value of the login name
  -L, --lock                    lock the user account
  -m, --move-home               move contents of the home directory to the
                                new location (use only with -d)
  -o, --non-unique              allow using duplicate (non-unique) UID
  -p, --password PASSWORD       use encrypted password for the new password
  -R, --root CHROOT_DIR         directory to chroot into
  -P, --prefix PREFIX_DIR       prefix directory where are located the /etc/* files
  -s, --shell SHELL             new login shell for the user account
  -u, --uid UID                 new UID for the user account
  -U, --unlock                  unlock the user account
  -v, --add-subuids FIRST-LAST  add range of subordinate uids
  -V, --del-subuids FIRST-LAST  remove range of subordinate uids
  -w, --add-subgids FIRST-LAST  add range of subordinate gids
  -W, --del-subgids FIRST-LAST  remove range of subordinate gids
  -Z, --selinux-user SEUSER     new SELinux user mapping for the user account

ubuntu20@Laptop:~$
ubuntu20@Laptop:~$
ubuntu20@Laptop:~$ ls
AC     OuterFolder          Zing           get-pip.py       multicontent.txt  new    outputLS.txt  tp
File1  ShellScriptPrograms  ansibleSample  linux_tweet_app  mycmnds.sh        outer  t11.txt
ubuntu20@Laptop:~$ ls -il
total 2168
40998 drwxr-xr-x 4 ubuntu20 ubuntu20    4096 Jan  5 16:27 AC
40732 drwxr-xr-x 2 ubuntu20 ubuntu20    4096 Dec  1 10:28 File1
97665 drwxr-xr-x 3 ubuntu20 ubuntu20    4096 Jan  7 17:25 OuterFolder
97375 drwxr-xr-x 2 ubuntu20 ubuntu20    4096 Dec 16 18:16 ShellScriptPrograms
97129 drwxr-xr-x 2 ubuntu20 ubuntu20    4096 Dec 28 16:48 Zing
97222 drwxr-xr-x 4 ubuntu20 ubuntu20    4096 Dec 16 12:29 ansibleSample
37430 -rw-r--r-- 1 ubuntu20 ubuntu20 2159352 Jan  8 10:08 get-pip.py
97115 drwxr-xr-x 3 ubuntu20 ubuntu20    4096 Dec 27 13:08 linux_tweet_app
40999 -r--r--r-- 1 ubuntu20 ubuntu20      36 Dec  8 17:10 multicontent.txt
97079 -rw-r--r-- 1 ubuntu20 ubuntu20     150 Dec 10 16:08 mycmnds.sh
41000 drwxr-xr-x 2 ubuntu20 ubuntu20    4096 Jan  8 10:52 new
24994 drwxr-xr-x 3 ubuntu20 ubuntu20    4096 Jan 20 11:49 outer
97670 -rw-r--r-- 1 ubuntu20 ubuntu20     120 Jan  7 17:18 outputLS.txt
97676 -rwxrwx--- 1 ubuntu20 ubuntu20      38 Jan  7 17:20 t11.txt
40750 drwxr-xr-x 7 ubuntu20 ubuntu20    4096 Dec 15 10:36 tp
ubuntu20@Laptop:~$ cd outer
ubuntu20@Laptop:~/outer$ ls
innerfolder  newfile.txt
ubuntu20@Laptop:~/outer$ file sample.txt
sample.txt: cannot open `sample.txt' (No such file or directory)
ubuntu20@Laptop:~/outer$ touch sample.txt
ubuntu20@Laptop:~/outer$ file sample.txt
sample.txt: empty
ubuntu20@Laptop:~/outer$ pwd
/home/ubuntu20/outer
ubuntu20@Laptop:~/outer$ cd /
ubuntu20@Laptop:/$ ls -a
.  ..  bin  boot  dev  etc  home  init  lib  lib32  lib64  libx32  lost+found  media  mnt  opt  proc  root  run  sbin  snap  srv  sys  tmp  usr  var
ubuntu20@Laptop:/$ cd
ubuntu20@Laptop:~$ ls -a
.         .aws           .bash_logout  .docker     .local           .sudo_as_admin_successful  ShellScriptPrograms  linux_tweet_app   outer
..        .azure         .bashrc       .kube       .motd_shown      AC                         Zing                 multicontent.txt  outputLS.txt
.android  .bash_aliases  .cache        .landscape  .profile         File1                      ansibleSample        mycmnds.sh        t11.txt
.ansible  .bash_history  .config       .lesshst    .python_history  OuterFolder                get-pip.py           new               tp
ubuntu20@Laptop:~$ cd /home/ubuntu20/outer
ubuntu20@Laptop:~/outer$ ls
innerfolder  newfile.txt  sample.txt
ubuntu20@Laptop:~/outer$ cd
ubuntu20@Laptop:~$ ls -l
total 2168
drwxr-xr-x 4 ubuntu20 ubuntu20    4096 Jan  5 16:27 AC
drwxr-xr-x 2 ubuntu20 ubuntu20    4096 Dec  1 10:28 File1
drwxr-xr-x 3 ubuntu20 ubuntu20    4096 Jan  7 17:25 OuterFolder
drwxr-xr-x 2 ubuntu20 ubuntu20    4096 Dec 16 18:16 ShellScriptPrograms
drwxr-xr-x 2 ubuntu20 ubuntu20    4096 Dec 28 16:48 Zing
drwxr-xr-x 4 ubuntu20 ubuntu20    4096 Dec 16 12:29 ansibleSample
-rw-r--r-- 1 ubuntu20 ubuntu20 2159352 Jan  8 10:08 get-pip.py
drwxr-xr-x 3 ubuntu20 ubuntu20    4096 Dec 27 13:08 linux_tweet_app
-r--r--r-- 1 ubuntu20 ubuntu20      36 Dec  8 17:10 multicontent.txt
-rw-r--r-- 1 ubuntu20 ubuntu20     150 Dec 10 16:08 mycmnds.sh
drwxr-xr-x 2 ubuntu20 ubuntu20    4096 Jan  8 10:52 new
drwxr-xr-x 3 ubuntu20 ubuntu20    4096 Jan 20 11:59 outer
-rw-r--r-- 1 ubuntu20 ubuntu20     120 Jan  7 17:18 outputLS.txt
-rwxrwx--- 1 ubuntu20 ubuntu20      38 Jan  7 17:20 t11.txt
drwxr-xr-x 7 ubuntu20 ubuntu20    4096 Dec 15 10:36 tp
ubuntu20@Laptop:~$ ls -alh
total 2.3M
drwxr-xr-x 20 ubuntu20 ubuntu20 4.0K Jan 20 11:40 .
drwxr-xr-x 15 root     root     4.0K Jan 20 11:54 ..
drwxr-x---  2 ubuntu20 ubuntu20 4.0K Jan  4 19:20 .android
drwxr-xr-x  4 ubuntu20 ubuntu20 4.0K Dec 15 17:15 .ansible
lrwxrwxrwx  1 ubuntu20 ubuntu20   23 Dec  3 12:40 .aws -> /mnt/c/Users/abhin/.aws
lrwxrwxrwx  1 ubuntu20 ubuntu20   25 Dec  3 12:40 .azure -> /mnt/c/Users/abhin/.azure
-rwxr-xr-x  1 ubuntu20 ubuntu20   67 Dec 10 17:20 .bash_aliases
-rw-------  1 ubuntu20 ubuntu20  32K Jan 19 19:24 .bash_history
-rw-r--r--  1 ubuntu20 ubuntu20  220 Nov 30 21:07 .bash_logout
-rw-r--r--  1 ubuntu20 ubuntu20 3.7K Nov 30 21:07 .bashrc
drwxr-xr-x  3 ubuntu20 ubuntu20 4.0K Jan  8 10:08 .cache
drwx------  4 ubuntu20 ubuntu20 4.0K Dec  7 12:12 .config
drwxr-xr-x  4 ubuntu20 ubuntu20 4.0K Dec 27 13:10 .docker
drwxr-xr-x  2 ubuntu20 ubuntu20 4.0K Jan  6 17:06 .kube
drwxr-xr-x  2 ubuntu20 ubuntu20 4.0K Nov 30 21:08 .landscape
-rw-------  1 ubuntu20 ubuntu20   28 Dec  1 18:01 .lesshst
drwxr-xr-x  5 ubuntu20 ubuntu20 4.0K Jan  8 10:08 .local
-rw-r--r--  1 ubuntu20 ubuntu20    0 Jan 20 11:01 .motd_shown
-rw-r--r--  1 ubuntu20 ubuntu20  807 Nov 30 21:07 .profile
-rw-------  1 ubuntu20 ubuntu20 6.2K Jan  8 10:02 .python_history
-rw-r--r--  1 ubuntu20 ubuntu20    0 Dec  2 11:31 .sudo_as_admin_successful
drwxr-xr-x  4 ubuntu20 ubuntu20 4.0K Jan  5 16:27 AC
drwxr-xr-x  2 ubuntu20 ubuntu20 4.0K Dec  1 10:28 File1
drwxr-xr-x  3 ubuntu20 ubuntu20 4.0K Jan  7 17:25 OuterFolder
drwxr-xr-x  2 ubuntu20 ubuntu20 4.0K Dec 16 18:16 ShellScriptPrograms
drwxr-xr-x  2 ubuntu20 ubuntu20 4.0K Dec 28 16:48 Zing
drwxr-xr-x  4 ubuntu20 ubuntu20 4.0K Dec 16 12:29 ansibleSample
-rw-r--r--  1 ubuntu20 ubuntu20 2.1M Jan  8 10:08 get-pip.py
drwxr-xr-x  3 ubuntu20 ubuntu20 4.0K Dec 27 13:08 linux_tweet_app
-r--r--r--  1 ubuntu20 ubuntu20   36 Dec  8 17:10 multicontent.txt
-rw-r--r--  1 ubuntu20 ubuntu20  150 Dec 10 16:08 mycmnds.sh
drwxr-xr-x  2 ubuntu20 ubuntu20 4.0K Jan  8 10:52 new
drwxr-xr-x  3 ubuntu20 ubuntu20 4.0K Jan 20 11:59 outer
-rw-r--r--  1 ubuntu20 ubuntu20  120 Jan  7 17:18 outputLS.txt
-rwxrwx---  1 ubuntu20 ubuntu20   38 Jan  7 17:20 t11.txt
drwxr-xr-x  7 ubuntu20 ubuntu20 4.0K Dec 15 10:36 tp
ubuntu20@Laptop:~$ cd outer
ubuntu20@Laptop:~/outer$ ls -alh
total 16K
drwxr-xr-x  3 ubuntu20 ubuntu20 4.0K Jan 20 11:59 .
drwxr-xr-x 20 ubuntu20 ubuntu20 4.0K Jan 20 11:40 ..
drwxr-xr-x  2 ubuntu20 ubuntu20 4.0K Jan 20 11:48 innerfolder
-rw-r--r--  1 ubuntu20 ubuntu20  240 Jan 20 11:49 newfile.txt
-rw-rw-r--  1 ubuntu20 ubuntu20    0 Jan 20 11:59 sample.txt
ubuntu20@Laptop:~/outer$ chmod a+x sample.txt
ubuntu20@Laptop:~/outer$ ls -alh
total 16K
drwxr-xr-x  3 ubuntu20 ubuntu20 4.0K Jan 20 11:59 .
drwxr-xr-x 20 ubuntu20 ubuntu20 4.0K Jan 20 11:40 ..
drwxr-xr-x  2 ubuntu20 ubuntu20 4.0K Jan 20 11:48 innerfolder
-rw-r--r--  1 ubuntu20 ubuntu20  240 Jan 20 11:49 newfile.txt
-rwxrwxr-x  1 ubuntu20 ubuntu20    0 Jan 20 11:59 sample.txt
ubuntu20@Laptop:~/outer$ chmod u-r sample.txt
ubuntu20@Laptop:~/outer$ ls -il
total 8
37431 drwxr-xr-x 2 ubuntu20 ubuntu20 4096 Jan 20 11:48 innerfolder
40777 -rw-r--r-- 1 ubuntu20 ubuntu20  240 Jan 20 11:49 newfile.txt
40792 --wxrwxr-x 1 ubuntu20 ubuntu20    0 Jan 20 11:59 sample.txt
ubuntu20@Laptop:~/outer$ chmod u-w sample.txt
ubuntu20@Laptop:~/outer$ ls -il
total 8
37431 drwxr-xr-x 2 ubuntu20 ubuntu20 4096 Jan 20 11:48 innerfolder
40777 -rw-r--r-- 1 ubuntu20 ubuntu20  240 Jan 20 11:49 newfile.txt
40792 ---xrwxr-x 1 ubuntu20 ubuntu20    0 Jan 20 11:59 sample.txt
ubuntu20@Laptop:~/outer$ chmod -r sample.txt
ubuntu20@Laptop:~/outer$ ls -il
total 8
37431 drwxr-xr-x 2 ubuntu20 ubuntu20 4096 Jan 20 11:48 innerfolder
40777 -rw-r--r-- 1 ubuntu20 ubuntu20  240 Jan 20 11:49 newfile.txt
40792 ---x-wx--x 1 ubuntu20 ubuntu20    0 Jan 20 11:59 sample.txt
ubuntu20@Laptop:~/outer$ chmod +r sample.txt
ubuntu20@Laptop:~/outer$ ls -il
total 8
37431 drwxr-xr-x 2 ubuntu20 ubuntu20 4096 Jan 20 11:48 innerfolder
40777 -rw-r--r-- 1 ubuntu20 ubuntu20  240 Jan 20 11:49 newfile.txt
40792 -r-xrwxr-x 1 ubuntu20 ubuntu20    0 Jan 20 11:59 sample.txt
ubuntu20@Laptop:~/outer$ chmod +rwx sample.txt
ubuntu20@Laptop:~/outer$ ls -il
total 8
37431 drwxr-xr-x 2 ubuntu20 ubuntu20 4096 Jan 20 11:48 innerfolder
40777 -rw-r--r-- 1 ubuntu20 ubuntu20  240 Jan 20 11:49 newfile.txt
40792 -rwxrwxr-x 1 ubuntu20 ubuntu20    0 Jan 20 11:59 sample.txt
ubuntu20@Laptop:~/outer$ cp sample.txt s2.txt
ubuntu20@Laptop:~/outer$ ls
innerfolder  newfile.txt  s2.txt  sample.txt
ubuntu20@Laptop:~/outer$ rm --s5.txt
rm: unrecognized option '--s5.txt'
Try 'rm --help' for more information.
ubuntu20@Laptop:~/outer$ rm --s2.txt
rm: unrecognized option '--s2.txt'
Try 'rm --help' for more information.
ubuntu20@Laptop:~/outer$ remove --s2.txt
remove: command not found
ubuntu20@Laptop:~/outer$ rm -- s2.txt
ubuntu20@Laptop:~/outer$ ls
innerfolder  newfile.txt  sample.txt
ubuntu20@Laptop:~/outer$ rm -- sample.txt
ubuntu20@Laptop:~/outer$ ls
innerfolder  newfile.txt
ubuntu20@Laptop:~/outer$ cd
ubuntu20@Laptop:~$
ubuntu20@Laptop:~$ find . -type d -name "t*"
./.ansible/tmp
./linux_tweet_app/.git/refs/tags
./.local/lib/python3.8/site-packages/pip/_vendor/html5lib/treewalkers
./.local/lib/python3.8/site-packages/pip/_vendor/html5lib/treeadapters
./.local/lib/python3.8/site-packages/pip/_vendor/html5lib/treebuilders
./.local/lib/python3.8/site-packages/pip/_vendor/tomli
./.local/lib/python3.8/site-packages/pip/_vendor/tenacity
./ansibleSample/tomcatPlaybook
./ansibleSample/tomcatPlaybook/start-tomcat/tasks
./ansibleSample/tomcatPlaybook/start-tomcat/tests
./ansibleSample/tomcatPlaybook/start-tomcat/templates
./ansibleSample/tomcatPlaybook/install-tomcat/tasks
./ansibleSample/tomcatPlaybook/install-tomcat/tests
./ansibleSample/tomcatPlaybook/install-tomcat/templates
./ansibleSample/newDirRole/tasks
./ansibleSample/newDirRole/tests
./ansibleSample/newDirRole/templates
./tp
./tp/file2/tp3
./tp/file2/tp4
./tp/n2/newDirRole/tasks
./tp/n2/newDirRole/tests
./tp/n2/newDirRole/templates
./tp/tp2
./tp/abhi/tp1
./tp/abhi/tp2
ubuntu20@Laptop:~$ find . -type d -name "*t*"
./.ansible/tmp
./.ansible/tmp/ansible-local-238wop87ts1
./.cache/pip/http
./OuterFolder
./.config/htop
./outer
./linux_tweet_app
./linux_tweet_app/.git
./linux_tweet_app/.git/objects
./linux_tweet_app/.git/refs/tags
./linux_tweet_app/.git/refs/remotes
./linux_tweet_app/.git/logs/refs/remotes
./.local/lib/python3.8
./.local/lib/python3.8/site-packages
./.local/lib/python3.8/site-packages/pip-21.3.1.dist-info
./.local/lib/python3.8/site-packages/wheel-0.37.1.dist-info
./.local/lib/python3.8/site-packages/pip/_vendor/urllib3/packages/ssl_match_hostname
./.local/lib/python3.8/site-packages/pip/_vendor/urllib3/packages/backports
./.local/lib/python3.8/site-packages/pip/_vendor/urllib3/contrib
./.local/lib/python3.8/site-packages/pip/_vendor/urllib3/contrib/_securetransport
./.local/lib/python3.8/site-packages/pip/_vendor/urllib3/util
./.local/lib/python3.8/site-packages/pip/_vendor/chardet
./.local/lib/python3.8/site-packages/pip/_vendor/chardet/metadata
./.local/lib/python3.8/site-packages/pip/_vendor/platformdirs
./.local/lib/python3.8/site-packages/pip/_vendor/resolvelib/compat
./.local/lib/python3.8/site-packages/pip/_vendor/html5lib
./.local/lib/python3.8/site-packages/pip/_vendor/html5lib/treewalkers
./.local/lib/python3.8/site-packages/pip/_vendor/html5lib/treeadapters
./.local/lib/python3.8/site-packages/pip/_vendor/html5lib/filters
./.local/lib/python3.8/site-packages/pip/_vendor/html5lib/treebuilders
./.local/lib/python3.8/site-packages/pip/_vendor/html5lib/_trie
./.local/lib/python3.8/site-packages/pip/_vendor/certifi
./.local/lib/python3.8/site-packages/pip/_vendor/tomli
./.local/lib/python3.8/site-packages/pip/_vendor/requests
./.local/lib/python3.8/site-packages/pip/_vendor/distlib
./.local/lib/python3.8/site-packages/pip/_vendor/distlib/_backport
./.local/lib/python3.8/site-packages/pip/_vendor/tenacity
./.local/lib/python3.8/site-packages/pip/_vendor/cachecontrol
./.local/lib/python3.8/site-packages/pip/_internal
./.local/lib/python3.8/site-packages/pip/_internal/locations
./.local/lib/python3.8/site-packages/pip/_internal/resolution
./.local/lib/python3.8/site-packages/pip/_internal/operations
./.local/lib/python3.8/site-packages/pip/_internal/operations/install
./.local/lib/python3.8/site-packages/pip/_internal/utils
./.local/lib/python3.8/site-packages/pip/_internal/metadata
./.local/lib/python3.8/site-packages/pip/_internal/distributions
./.local/lib/python3.8/site-packages/pip/_internal/network
./ansibleSample/tomcatPlaybook
./ansibleSample/tomcatPlaybook/start-tomcat
./ansibleSample/tomcatPlaybook/start-tomcat/tasks
./ansibleSample/tomcatPlaybook/start-tomcat/defaults
./ansibleSample/tomcatPlaybook/start-tomcat/meta
./ansibleSample/tomcatPlaybook/start-tomcat/tests
./ansibleSample/tomcatPlaybook/start-tomcat/templates
./ansibleSample/tomcatPlaybook/install-tomcat
./ansibleSample/tomcatPlaybook/install-tomcat/tasks
./ansibleSample/tomcatPlaybook/install-tomcat/defaults
./ansibleSample/tomcatPlaybook/install-tomcat/meta
./ansibleSample/tomcatPlaybook/install-tomcat/tests
./ansibleSample/tomcatPlaybook/install-tomcat/templates
./ansibleSample/newDirRole/tasks
./ansibleSample/newDirRole/defaults
./ansibleSample/newDirRole/meta
./ansibleSample/newDirRole/tests
./ansibleSample/newDirRole/templates
./tp
./tp/file2/tp3
./tp/file2/tp3/Parent
./tp/file2/tp4
./tp/n2/newDirRole/tasks
./tp/n2/newDirRole/defaults
./tp/n2/newDirRole/meta
./tp/n2/newDirRole/tests
./tp/n2/newDirRole/templates
./tp/tp2
./tp/abhi/tp1
./tp/abhi/tp2
./ShellScriptPrograms
ubuntu20@Laptop:~$ find . -name "*t*.txt"
./multicontent.txt
./outputLS.txt
./t11.txt
./.local/lib/python3.8/site-packages/pip-21.3.1.dist-info/top_level.txt
./.local/lib/python3.8/site-packages/pip-21.3.1.dist-info/entry_points.txt
./.local/lib/python3.8/site-packages/wheel-0.37.1.dist-info/top_level.txt
./.local/lib/python3.8/site-packages/wheel-0.37.1.dist-info/entry_points.txt
./tp/file2/tp3/tp1.txt
./tp/file2/tp3/tp.txt
./tp/file2/tp3/allcontent.txt
./tp/file2/tp3/tp3.txt
./tp/file2/tp3/tp2.txt
./tp/file2/tp.txt
./tp/file2/temp2.txt
./tp/file2/temp.txt
./tp/file2/temp3.txt
./tp/new/t3.txt
./tp/new/t4.txt
./tp/new/t2.txt
./tp/abhi/tp2/trainee.txt
ubuntu20@Laptop:~$ find . -name "t*.txt"
./t11.txt
./.local/lib/python3.8/site-packages/pip-21.3.1.dist-info/top_level.txt
./.local/lib/python3.8/site-packages/wheel-0.37.1.dist-info/top_level.txt
./tp/file2/tp3/tp1.txt
./tp/file2/tp3/tp.txt
./tp/file2/tp3/tp3.txt
./tp/file2/tp3/tp2.txt
./tp/file2/tp.txt
./tp/file2/temp2.txt
./tp/file2/temp.txt
./tp/file2/temp3.txt
./tp/new/t3.txt
./tp/new/t4.txt
./tp/new/t2.txt
./tp/abhi/tp2/trainee.txt
ubuntu20@Laptop:~$ find . -name "*.txt"
./multicontent.txt
./AC/AbcImpex/ab.txt
./outputLS.txt
./OuterFolder/renamed.txt
./OuterFolder/InnerFolder/newMix.txt
./outer/newfile.txt
./outer/innerfolder/new2.txt
./outer/innerfolder/file.txt
./outer/innerfolder/new.txt
./outer/innerfolder/n2.txt
./t11.txt
./.local/lib/python3.8/site-packages/pip-21.3.1.dist-info/top_level.txt
./.local/lib/python3.8/site-packages/pip-21.3.1.dist-info/entry_points.txt
./.local/lib/python3.8/site-packages/pip-21.3.1.dist-info/LICENSE.txt
./.local/lib/python3.8/site-packages/wheel-0.37.1.dist-info/top_level.txt
./.local/lib/python3.8/site-packages/wheel-0.37.1.dist-info/entry_points.txt
./.local/lib/python3.8/site-packages/wheel-0.37.1.dist-info/LICENSE.txt
./.local/lib/python3.8/site-packages/pip/_vendor/vendor.txt
./tp/file2/tp3/tp1.txt
./tp/file2/tp3/tp.txt
./tp/file2/tp3/allcontent.txt
./tp/file2/tp3/tp3.txt
./tp/file2/tp3/tp2.txt
./tp/file2/tp.txt
./tp/file2/temp2.txt
./tp/file2/temp.txt
./tp/file2/temp3.txt
./tp/new/t3.txt
./tp/new/t4.txt
./tp/new/t2.txt
./tp/tp2/myinfo1.txt
./tp/tp2/myinfo.txt
./tp/tp2/myinfo11.txt
./tp/abhi/TP/hobdir/backupfile.txt
./tp/abhi/tp2/new.txt
./tp/abhi/tp2/trainee.txt
ubuntu20@Laptop:~$ cat /outer/innerfolder/new2.txt
cat: /outer/innerfolder/new2.txt: No such file or directory
ubuntu20@Laptop:~$ cat /outer/innerfolder/n2.txt
cat: /outer/innerfolder/n2.txt: No such file or directory
ubuntu20@Laptop:~$ cd /outer/innerfolder/
bash: cd: /outer/innerfolder/: No such file or directory
ubuntu20@Laptop:~$ ls
AC     OuterFolder          Zing           get-pip.py       multicontent.txt  new    outputLS.txt  tp
File1  ShellScriptPrograms  ansibleSample  linux_tweet_app  mycmnds.sh        outer  t11.txt
ubuntu20@Laptop:~$ cd outer
ubuntu20@Laptop:~/outer$ la
.  ..  innerfolder  newfile.txt
ubuntu20@Laptop:~/outer$ cd innerfolder
ubuntu20@Laptop:~/outer/innerfolder$ cat new2.txt
 New File
ubuntu20@Laptop:~/outer/innerfolder$ ls
file.txt  n2.txt  new.txt  new2.txt
ubuntu20@Laptop:~/outer/innerfolder$ echo "Added Contents" >> new2.txt
ubuntu20@Laptop:~/outer/innerfolder$ cat new2.txt
 New File
Added Contents
ubuntu20@Laptop:~/outer/innerfolder$ cd
ubuntu20@Laptop:~$ cd /outer/innerfolder
bash: cd: /outer/innerfolder: No such file or directory
ubuntu20@Laptop:~$ cat outer/innerfolder/new2.txt
 New File
Added Contents
ubuntu20@Laptop:~$
ubuntu20@Laptop:~$ cp outer/innerfolder/new2.txt outer/innerfolder/new3.txt
ubuntu20@Laptop:~$ cd outer/innerfolder
ubuntu20@Laptop:~/outer/innerfolder$ ls
file.txt  n2.txt  new.txt  new2.txt  new3.txt
ubuntu20@Laptop:~/outer/innerfolder$ cd
ubuntu20@Laptop:~$ find . -name new3.txt -delete
ubuntu20@Laptop:~$ cd outer/innerfolder
ubuntu20@Laptop:~/outer/innerfolder$ ls
file.txt  n2.txt  new.txt  new2.txt
ubuntu20@Laptop:~/outer/innerfolder$ cd
ubuntu20@Laptop:~$ free
              total        used        free      shared  buff/cache   available
Mem:        3965436       90908     3738136          68      136392     3690436
Swap:       1048576           0     1048576
ubuntu20@Laptop:~$ uptime
 12:14:51 up  1:13,  0 users,  load average: 0.00, 0.00, 0.00
ubuntu20@Laptop:~$
ubuntu20@Laptop:~$
ubuntu20@Laptop:~$
ubuntu20@Laptop:~$ echo "PYTHON PROGRAMMING"
PYTHON PROGRAMMING
ubuntu20@Laptop:~$
ubuntu20@Laptop:~$ python3
Python 3.8.10 (default, Jun  2 2021, 10:49:15)
[GCC 9.4.0] on linux
Type "help", "copyright", "credits" or "license" for more information.
>>> hello
Traceback (most recent call last):
  File "<stdin>", line 1, in <module>
NameError: name 'hello' is not defined
>>> 'hello'
'hello'
>>> a=100
>>> a++
  File "<stdin>", line 1
    a++
      ^
SyntaxError: invalid syntax
>>> a+=1
>>> a
101
>>> a-=10
>>> a
91
>>> var1="variable'
  File "<stdin>", line 1
    var1="variable'
                  ^
SyntaxError: EOL while scanning string literal
>>> var1="variable"
>>> var1
'variable'
>>> var2='second'
>>> print(var1+var2)
variablesecond
>>> print(var1+" "+var2)
variable second
>>> if(a<100):
...     print(100)
... else:
...     print(50)
...
100
>>> if(a>100):
...     print(100)
... else:
...     print(50)
...
50
>>> for i in range(5):
...     print(i)
...
0
1
2
3
4
>>> for i in range(5,55):
...     if(i%2==0):
...             print(i)
...
6
8
10
12
14
16
18
20
22
24
26
28
30
32
34
36
38
40
42
44
46
48
50
52
54
>>>
>>> arr=[1,2,3,4,5,6]
>>> for i in arr:
...     print(i)
...
1
2
3
4
5
6
>>> print('PrimeNumbers')
PrimeNumbers
>>>
>>> def isPrime(n):
...     f=0
...     i=2
...     while(i<n):
...         if(n%i==0):
...             f=1
...             return 1
...         i+=1
...     return 0
...
>>> def Prime(a,b):
...     if(a<2):
...         i=2
...     else:
...         i=a
...     while(i<=b):
...         if(isPrime(i)==0):
...             print(i)
...         i+=1
...
>>> Prime(0,10)
2
3
5
7
>>> Prime(0,100)
2
3
5
7
11
13
17
19
23
29
31
37
41
43
47
53
59
61
67
71
73
79
83
89
97
>>> Prime(10,50)
11
13
17
19
23
29
31
37
41
43
47
>>>
>>>
>>>
>>> class A:
        b=""
...     a=1
...     b=""
...     def readA(self):
...             self.a=int(input(" Enter No. : "))
...             self.b=input(" Enter String : ")
...     def showA(self):
...             print(self.a,"  ",self.b)
...
>>>
>>> n=A()
>>> n.readA()
 Enter No. : 5
 Enter String : aaa
>>> n.showA()
5    aaa
>>>
>>> f=open('//home//ubuntu20//outer//innerfolder//file.txt')
>>> print(f)
<_io.TextIOWrapper name='//home//ubuntu20//outer//innerfolder//file.txt' mode='r' encoding='UTF-8'>
>>>
>>> from math import *
>>> sqrt(9)
3.0
>>> pow(3,4)
81.0
>>> pow(4,3)
64.0
>>>
>>>
>>> exit()
ubuntu20@Laptop:~$
ubuntu20@Laptop:~$
ubuntu20@Laptop:~$ pmap

Usage:
 pmap [options] PID [PID ...]

Options:
 -x, --extended              show details
 -X                          show even more details
            WARNING: format changes according to /proc/PID/smaps
 -XX                         show everything the kernel provides
 -c, --read-rc               read the default rc
 -C, --read-rc-from=<file>   read the rc from file
 -n, --create-rc             create new default rc
 -N, --create-rc-to=<file>   create new rc to file
            NOTE: pid arguments are not allowed with -n, -N
 -d, --device                show the device format
 -q, --quiet                 do not display header and footer
 -p, --show-path             show path in the mapping
 -A, --range=<low>[,<high>]  limit results to the given range

 -h, --help     display this help and exit
 -V, --version  output version information and exit

For more details see pmap(1).
ubuntu20@Laptop:~$ top
top - 13:32:54 up  2:31,  0 users,  load average: 0.00, 0.00, 0.00
Tasks:   9 total,   1 running,   8 sleeping,   0 stopped,   0 zombie

%Cpu(s):  0.0 us,  0.0 sy,  0.0 ni,100.0 id,  0.0 wa,  0.0 hi,  0.0 si,  0.0 st
MiB Mem :   3872.5 total,   3414.7 free,     91.7 used,    366.0 buff/cache
MiB Swap:   1024.0 total,   1024.0 free,      0.0 used.   3573.4 avail Mem

  PID USER      PR  NI    VIRT    RES    SHR S  %CPU  %MEM     TIME+ COMMAND
    1 root      20   0    1744   1088   1016 S   0.0   0.0   0:00.04 init
    7 root      20   0    1752     76      0 S   0.0   0.0   0:00.00 init
    8 root      20   0    1752     84      0 S   0.0   0.0   0:02.18 init
    9 ubuntu20  20   0   10172   5108   3292 S   0.0   0.1   0:00.58 bash

  204 root      20   0   10492   4120   3416 S   0.0   0.1   0:00.01 su
  205 newuser1  20   0   10000   4996   3364 S   0.0   0.1   0:00.07 bash
  217 root      20   0   10488   3920   3220 S   0.0   0.1   0:00.01 su
  218 ubuntu20  20   0   10132   5236   3416 S   0.0   0.1   0:00.52 bash
  711 ubuntu20  20   0   10896   3780   3248 R   0.0   0.1   0:00.04 top
























ubuntu20@Laptop:~$ htop
ubuntu20@Laptop:~$ last

wtmp begins Tue Nov 30 21:06:06 2021
ubuntu20@Laptop:~$ ps
  PID TTY          TIME CMD
    9 pts/0    00:00:00 bash
  218 pts/0    00:00:00 bash
  714 pts/0    00:00:00 ps
ubuntu20@Laptop:~$ info
ubuntu20@Laptop:~$ env
SHELL=/bin/bash
WSL_DISTRO_NAME=Ubuntu-20.04
NAME=Laptop
PWD=/home/ubuntu20
LOGNAME=ubuntu20
MOTD_SHOWN=update-motd
HOME=/home/ubuntu20
LANG=C.UTF-8
WSL_INTEROP=/run/WSL/8_interop
LS_COLORS=rs=0:di=01;34:ln=01;36:mh=00:pi=40;33:so=01;35:do=01;35:bd=40;33;01:cd=40;33;01:or=40;31;01:mi=00:su=37;41:sg=30;43:ca=30;41:tw=30;42:ow=34;42:st=37;44:ex=01;32:*.tar=01;31:*.tgz=01;31:*.arc=01;31:*.arj=01;31:*.taz=01;31:*.lha=01;31:*.lz4=01;31:*.lzh=01;31:*.lzma=01;31:*.tlz=01;31:*.txz=01;31:*.tzo=01;31:*.t7z=01;31:*.zip=01;31:*.z=01;31:*.dz=01;31:*.gz=01;31:*.lrz=01;31:*.lz=01;31:*.lzo=01;31:*.xz=01;31:*.zst=01;31:*.tzst=01;31:*.bz2=01;31:*.bz=01;31:*.tbz=01;31:*.tbz2=01;31:*.tz=01;31:*.deb=01;31:*.rpm=01;31:*.jar=01;31:*.war=01;31:*.ear=01;31:*.sar=01;31:*.rar=01;31:*.alz=01;31:*.ace=01;31:*.zoo=01;31:*.cpio=01;31:*.7z=01;31:*.rz=01;31:*.cab=01;31:*.wim=01;31:*.swm=01;31:*.dwm=01;31:*.esd=01;31:*.jpg=01;35:*.jpeg=01;35:*.mjpg=01;35:*.mjpeg=01;35:*.gif=01;35:*.bmp=01;35:*.pbm=01;35:*.pgm=01;35:*.ppm=01;35:*.tga=01;35:*.xbm=01;35:*.xpm=01;35:*.tif=01;35:*.tiff=01;35:*.png=01;35:*.svg=01;35:*.svgz=01;35:*.mng=01;35:*.pcx=01;35:*.mov=01;35:*.mpg=01;35:*.mpeg=01;35:*.m2v=01;35:*.mkv=01;35:*.webm=01;35:*.ogm=01;35:*.mp4=01;35:*.m4v=01;35:*.mp4v=01;35:*.vob=01;35:*.qt=01;35:*.nuv=01;35:*.wmv=01;35:*.asf=01;35:*.rm=01;35:*.rmvb=01;35:*.flc=01;35:*.avi=01;35:*.fli=01;35:*.flv=01;35:*.gl=01;35:*.dl=01;35:*.xcf=01;35:*.xwd=01;35:*.yuv=01;35:*.cgm=01;35:*.emf=01;35:*.ogv=01;35:*.ogx=01;35:*.aac=00;36:*.au=00;36:*.flac=00;36:*.m4a=00;36:*.mid=00;36:*.midi=00;36:*.mka=00;36:*.mp3=00;36:*.mpc=00;36:*.ogg=00;36:*.ra=00;36:*.wav=00;36:*.oga=00;36:*.opus=00;36:*.spx=00;36:*.xspf=00;36:
LESSCLOSE=/usr/bin/lesspipe %s %s
TERM=xterm-256color
LESSOPEN=| /usr/bin/lesspipe %s
USER=ubuntu20
SHLVL=3
WSLENV=
XDG_DATA_DIRS=/usr/local/share:/usr/share:/var/lib/snapd/desktop
PATH=/usr/local/sbin:/usr/local/bin:/usr/sbin:/usr/bin:/sbin:/bin:/usr/games:/usr/local/games:/snap/bin
MAIL=/var/mail/ubuntu20
HOSTTYPE=x86_64
OLDPWD=/home/ubuntu20/outer/innerfolder
_=/usr/bin/env
ubuntu20@Laptop:~$ df
Filesystem     1K-blocks     Used Available Use% Mounted on
/dev/sdb       263174212  1945484 247790572   1% /
none             1982716        4   1982712   1% /mnt/wsl
tools          358527996 65657152 292870844  19% /init
none             1980636        0   1980636   0% /dev
none             1982716        4   1982712   1% /run
none             1982716        0   1982716   0% /run/lock
none             1982716        0   1982716   0% /run/shm
none             1982716        0   1982716   0% /run/user
tmpfs            1982716        0   1982716   0% /sys/fs/cgroup
drivers        358527996 65657152 292870844  19% /usr/lib/wsl/drivers
lib            358527996 65657152 292870844  19% /usr/lib/wsl/lib
drvfs          358527996 65657152 292870844  19% /mnt/c
drvfs             520192   427664     92528  83% /mnt/d
drvfs           15707132 13852008   1855124  89% /mnt/e
drvfs          209715196 21274952 188440244  11% /mnt/g
drvfs          390347772 43181424 347166348  12% /mnt/h
ubuntu20@Laptop:~$
ubuntu20@Laptop:~$
ubuntu20@Laptop:~$ ansible --version
ansible [core 2.11.7]
  config file = /etc/ansible/ansible.cfg
  configured module search path = ['/home/ubuntu20/.ansible/plugins/modules', '/usr/share/ansible/plugins/modules']
  ansible python module location = /usr/lib/python3/dist-packages/ansible
  ansible collection location = /home/ubuntu20/.ansible/collections:/usr/share/ansible/collections
  executable location = /usr/bin/ansible
  python version = 3.8.10 (default, Jun  2 2021, 10:49:15) [GCC 9.4.0]
  jinja version = 2.10.1
  libyaml = True
ubuntu20@Laptop:~$
ubuntu20@Laptop:~$
ubuntu20@Laptop:~$ bash --version
GNU bash, version 5.0.17(1)-release (x86_64-pc-linux-gnu)
Copyright (C) 2019 Free Software Foundation, Inc.
License GPLv3+: GNU GPL version 3 or later <http://gnu.org/licenses/gpl.html>

This is free software; you are free to change and redistribute it.
There is NO WARRANTY, to the extent permitted by law.
ubuntu20@Laptop:~$
ubuntu20@Laptop:~$
ubuntu20@Laptop:~$
ubuntu20@Laptop:~$
ubuntu20@Laptop:~$
ubuntu20@Laptop:~$
ubuntu20@Laptop:~$ echo "SHELL SCRIPTING"
SHELL SCRIPTING
ubuntu20@Laptop:~$
ubuntu20@Laptop:~$ echo $SHELL
/bin/bash
ubuntu20@Laptop:~$ cd outer
ubuntu20@Laptop:~/outer$ nano sh1.sh
ubuntu20@Laptop:~/outer$ ./sh1.sh
-bash: ./sh1.sh: Permission denied
ubuntu20@Laptop:~/outer$ chmod +x sh1.sh
ubuntu20@Laptop:~/outer$ ./sh1.sh
 Shell Scripting
Sample program
2
2
3
 2 & 3
ubuntu20@Laptop:~/outer$ nano sh1.sh
ubuntu20@Laptop:~/outer$ ./sh1.sh
 Shell Scripting
Enter a Value
6
6
Enter another Value
abcd
 6 & abcd
ubuntu20@Laptop:~/outer$
ubuntu20@Laptop:~/outer$ nano fibanocci.sh
ubuntu20@Laptop:~/outer$ chmod +x fibanocci.sh
ubuntu20@Laptop:~/outer$ ./fibanocci.sh
Fibanocci Series
 Enter Limit
9
Fibanocci Series

0
1
1
2
3
5
8
13
21
34
ubuntu20@Laptop:~/outer$ ./fibanocci.sh
Fibanocci Series

 Enter Limit
20
Fibanocci Series
0
1
1
2
3
5
8
13
21
34
55
89
144
233
377
610
987
1597
2584

4181
6765
ubuntu20@Laptop:~/outer$
ubuntu20@Laptop:~/outer$
ubuntu20@Laptop:~/outer$ nano para.sh
ubuntu20@Laptop:~/outer$ nano para.sh
ubuntu20@Laptop:~/outer$ chmod +x para.sh
ubuntu20@Laptop:~/outer$ ./para.sh 1 22 33 444 55
Outside Function
 1 22 33 444 55
Inside Function
 1 23 33 444 56
ubuntu20@Laptop:~/outer$ ./para.sh 12 23 34 45
Outside Function
 12 23 34 45
Inside Function
 12 23 34 45 56
ubuntu20@Laptop:~/outer$ ./para.sh 12 23 34 45 56
Outside Function
 12 23 34 45 56
Inside Function
 12 23 34 45 56
ubuntu20@Laptop:~/outer$ ./para.sh 12 23
Outside Function
 12 23
Inside Function
 12 23 56
ubuntu20@Laptop:~/outer$
ubuntu20@Laptop:~/outer$ cat para.sh
fun1(){
echo "Inside Function "
echo " $1 $2 $3 $4 $5 "
}

echo "Outside Function"
echo " $1 $2 $3 $4 $5 "
fun1 $1 23 $3 $4 56
ubuntu20@Laptop:~/outer$ cat fibanocci.sh
#!/bin/bash
fib(){
((b=1))
((a=0))
echo Fibanocci Series
while((i <= $1))
        do
                ((c=a+b))
                echo "$a "
                ((a=b))
                ((b=c))
                ((i++))
        done
}

echo "Fibanocci Series"
echo " Enter Limit "
read n
fib $n
ubuntu20@Laptop:~/outer$
ubuntu20@Laptop:~/outer$
ubuntu20@Laptop:~/outer$ cat sh1.sh
#!/bin/bash

echo " Shell Scripting "
echo "Enter a Value "
read n
echo "$n"
echo "Enter another Value "
read a
echo " $n & $a "


ubuntu20@Laptop:~/outer$

